python : Could not 
extract SentencePiece 
model from 
C:\Users\Arnav Mehta\De
sktop\NLP-Automotive-Tr
anslation\nllb_model\se
ntencepiece.bpe.model 
using sentencepiece 
library due to 
At line:1 char:1
+ python test_nllb.py 
> test_output.txt 2>&1
+ ~~~~~~~~~~~~~~~~~~~~~
~~~~~~~~~~~~~~~~~~~~~
    + CategoryInfo     
         : NotSpecifi  
  ed: (Could not ext   
 ra...library due t    
o :String) [], Rem    
oteException
    + FullyQualifiedEr 
   rorId : NativeComm  
  andError
 
SentencePieceExtractor 
requires the protobuf 
library but it was not 
found in your 
environment. Check out 
the instructions on the
installation page of 
its repo: https://githu
b.com/protocolbuffers/p
rotobuf/tree/master/pyt
hon#installation and 
follow the ones
that match your 
environment. Please 
note that you may need 
to restart your 
runtime after 
installation.
. Falling back to 
TikToken extractor.
Traceback (most recent 
call last):
  File "C:\Users\Arnav 
Mehta\AppData\Local\Pro
grams\Python\Python312\
Lib\site-packages\trans
formers\tokenization_ut
ils_tokenizers.py", 
line 165, in convert_to
_native_format
    local_kwargs = Sent
encePieceExtractor(voca
b_file).extract(cls.mod
el, **local_kwargs)
                   ^^^^
^^^^^^^^^^^^^^^^^^^^^^^
^^^^^^^
  File "C:\Users\Arnav 
Mehta\AppData\Local\Pro
grams\Python\Python312\
Lib\site-packages\trans
formers\convert_slow_to
kenizer.py", line 153, 
in __init__
    requires_backends(s
elf, "protobuf")
  File "C:\Users\Arnav 
Mehta\AppData\Local\Pro
grams\Python\Python312\
Lib\site-packages\trans
formers\utils\import_ut
ils.py", line 1878, in 
requires_backends
    raise ImportError("
".join(failed))
ImportError: 
SentencePieceExtractor 
requires the protobuf 
library but it was not 
found in your 
environment. Check out 
the instructions on the
installation page of 
its repo: https://githu
b.com/protocolbuffers/p
rotobuf/tree/master/pyt
hon#installation and 
follow the ones
that match your 
environment. Please 
note that you may need 
to restart your 
runtime after 
installation.


During handling of the 
above exception, 
another exception 
occurred:

Traceback (most recent 
call last):
  File "C:\Users\Arnav 
Mehta\AppData\Local\Pro
grams\Python\Python312\
Lib\site-packages\tikto
ken\load.py", line 
168, in 
load_tiktoken_bpe
    token, rank = 
line.split()
    ^^^^^^^^^^^
ValueError: not enough 
values to unpack 
(expected 2, got 1)

The above exception 
was the direct cause 
of the following 
exception:

Traceback (most recent 
call last):
  File "C:\Users\Arnav 
Mehta\Desktop\NLP-Autom
otive-Translation\backe
nd\pipeline\indic_model
.py", line 31, in 
load_indic_model
    tokenizer = AutoTok
enizer.from_pretrained(
MODEL_NAME, 
local_files_only=True, 
use_fast=False)
                ^^^^^^^
^^^^^^^^^^^^^^^^^^^^^^^
^^^^^^^^^^^^^^^^^^^^^^^
^^^^^^^^^^^^^^^^^^^^^^^
^^^^
  File "C:\Users\Arnav 
Mehta\AppData\Local\Pro
grams\Python\Python312\
Lib\site-packages\trans
formers\models\auto\tok
enization_auto.py", 
line 662, in 
from_pretrained
    return tokenizer_cl
ass_from_name(tokenizer
_config_class).from_pre
trained(
           ^^^^^^^^^^^^
^^^^^^^^^^^^^^^^^^^^^^^
^^^^^^^^^^^^^^^^^^^^^^^
^^^^^^^^
  File "C:\Users\Arnav 
Mehta\AppData\Local\Pro
grams\Python\Python312\
Lib\site-packages\trans
formers\tokenization_ut
ils_base.py", line 
1712, in 
from_pretrained
    return 
cls._from_pretrained(
           
^^^^^^^^^^^^^^^^^^^^^
  File "C:\Users\Arnav 
Mehta\AppData\Local\Pro
grams\Python\Python312\
Lib\site-packages\trans
formers\tokenization_ut
ils_base.py", line 
1897, in 
_from_pretrained
    init_kwargs = cls.c
onvert_to_native_format
(**init_kwargs)
                  ^^^^^
^^^^^^^^^^^^^^^^^^^^^^^
^^^^^^^^^^^^^^^
  File "C:\Users\Arnav 
Mehta\AppData\Local\Pro
grams\Python\Python312\
Lib\site-packages\trans
formers\tokenization_ut
ils_tokenizers.py", 
line 188, in convert_to
_native_format
    ).extract_vocab_mer
ges_from_model(vocab_fi
le)
      ^^^^^^^^^^^^^^^^^
^^^^^^^^^^^^^^^^^^^^^^^
^^^
  File "C:\Users\Arnav 
Mehta\AppData\Local\Pro
grams\Python\Python312\
Lib\site-packages\trans
formers\convert_slow_to
kenizer.py", line 
1855, in extract_vocab_
merges_from_model
    bpe_ranks = load_ti
ktoken_bpe(tiktoken_url
)
                ^^^^^^^
^^^^^^^^^^^^^^^^^^^^^^^
^
  File "C:\Users\Arnav 
Mehta\AppData\Local\Pro
grams\Python\Python312\
Lib\site-packages\tikto
ken\load.py", line 
171, in 
load_tiktoken_bpe
    raise 
ValueError(f"Error 
parsing line {line!r} 
in 
{tiktoken_bpe_file}") 
from e
ValueError: Error 
parsing line b'\x0e' 
in C:\Users\Arnav Mehta
\Desktop\NLP-Automotive
-Translation\nllb_model
\sentencepiece.bpe.mode
l
Using device: cuda
Testing NLLB-200 Translation to tam_Taml...
--- Model Initialization Started (Local Folder) ---
Target Device: cuda
Model Path: C:\Users\Arnav Mehta\Desktop\NLP-Automotive-Translation\nllb_model
1. Loading Tokenizer...
!!! Error loading NLLB-200 model from C:\Users\Arnav Mehta\Desktop\NLP-Automotive-Translation\nllb_model: Error parsing line b'\x0e' in C:\Users\Arnav Mehta\Desktop\NLP-Automotive-Translation\nllb_model\sentencepiece.bpe.model
ERROR: Error parsing line b'\x0e' in C:\Users\Arnav Mehta\Desktop\NLP-Automotive-Translation\nllb_model\sentencepiece.bpe.model
